// Jest Snapshot v1, https://goo.gl/fbAQLP

exports[`Emulator should emulate counter 1`] = `
{
  "houses": [
    {
      "globalStats": [
        "counter",
      ],
      "handlers": [
        {
          "actions": [
            {
              "kind": "CHANGE_PLAYER_STAT",
              "mode": "SET",
              "stat": "$$0",
              "value": "1",
            },
            {
              "kind": "CHANGE_PLAYER_STAT",
              "mode": "SET",
              "stat": "$$1",
              "value": "%stat.player/counter%",
            },
            {
              "kind": "CHANGE_PLAYER_STAT",
              "mode": "INCREMENT",
              "stat": "$$1",
              "value": "%stat.player/$$0%",
            },
            {
              "kind": "CHANGE_GLOBAL_STAT",
              "mode": "SET",
              "stat": "counter",
              "value": "%stat.player/$$1%",
            },
            {
              "kind": "CHANGE_PLAYER_STAT",
              "mode": "SET",
              "stat": "$$2",
              "value": "1",
            },
            {
              "kind": "CHANGE_PLAYER_STAT",
              "mode": "SET",
              "stat": "$$3",
              "value": "%stat.player/counter%",
            },
            {
              "kind": "CHANGE_PLAYER_STAT",
              "mode": "INCREMENT",
              "stat": "$$3",
              "value": "%stat.player/$$2%",
            },
            {
              "kind": "CHANGE_PLAYER_STAT",
              "mode": "SET",
              "stat": "counter",
              "value": "%stat.player/$$3%",
            },
          ],
          "event": "JOIN",
          "kind": "handler",
        },
      ],
      "kind": "house",
      "name": "Counter",
      "playerStats": [
        "counter",
        "$$0",
        "$$1",
        "$$2",
        "$$3",
      ],
    },
  ],
  "kind": "module",
}
`;
